# Disk Management

# I.Disk Device 
## 1.ATA và SCSI controller
- **ata controller** cho phép 2 thiết bị trên một dây bus, một master, một slave. Trừ khi controller và thiết bị của bạn hỗ trợ chọn cáp, bạn sẽ phải chọn thủ công bằng jumper. Thiết bị ata trong hệ thống sẽ bắt đầu với /dev/hd. 
- Scsi(small computer system interface) chấp nhận hơn hai thiết bị. Khi sử dụng SCSI, mỗi thiết bị đều có scsi id riêng. Thiết bị scsi trong hệ thống sẽ bắt đầu với /dev/sd. Các thiết bị được theo thứ tự sẽ có tên từ sda, sdb, sdc,...
## 2. Block device.
- Block device là môt lớp trừu tượng trên ổ cứng truy cập ngẫu nhiên, giúp định dạng các khối có kích thước cố định. Các block có thể được truy cập độc lập với các truy cập vào các khối khác.
- Nó được nhận biết loại file với ký tự **b** khi chạy lệnh `ls -l`.

## 3. Solid state drive
- SSD là một block device không có bộ phận chuyển động, nó đắt hơn nhưng cũng nhanh hơn nhiều so với ổ cứng(hdd)

# II.Disk device system

## 1.fdisk.
- Bạn có thể sử dụng `fdisk -l` để xem những ổ cứng được nhìn thấy bởi kernel.
Ví dụ:
```bash
#fdisk -l | grep Disk
Disk /dev/sda: 465,8 GiB, 500107862016 bytes, 976773168 sectors
Disk /dev/sdb: 223,6 GiB, 240057409536 bytes, 468862128 sectors
```
- Có thể lấy thông tin về một ổ cứng cụ thể bằng cú pháp `fdisk -l <đường dẫn tới ổ cứng>`
```bash
root@m4700:~# fdisk -l /dev/sdb
Disk /dev/sdb: 223,6 GiB, 240057409536 bytes, 468862128 sectors
Units: sectors of 1 * 512 = 512 bytes
Sector size (logical/physical): 512 bytes / 512 bytes
I/O size (minimum/optimal): 512 bytes / 512 bytes
Disklabel type: dos
Disk identifier: 0x1dd0231f

Device     Boot     Start       End   Sectors  Size Id Type
/dev/sdb1  *    448862208 468860927  19998720  9,5G 82 Linux swap / Solaris
/dev/sdb2            2046 448862207 448860162  214G  5 Extended
/dev/sdb5            2048 448862207 448860160  214G 83 Linux

Partition table entries are not in disk order.
```
- `fdisk` cũng được sử dụng để tạo hoặc chỉnh sửa phân vùng.

## 2.dmesg
- Dùng để xem lại kernel boot message sau khi boot. Ổ đĩa cũng được kernel xác định khi boot.

```
root@m4700:~# dmesg | grep -i "scsi disk"
[    2.891607] sd 0:0:0:0: [sda] Attached SCSI disk
[    2.894217] sd 2:0:0:0: [sdb] Attached SCSI disk
```

## 3.lshw
- Công cụ `lshw` sẽ **list hardware**. lshw có thể hiển thị rất nhiều thông tin về ổ đĩa và các phân vùng với một số option.
Ví dụ:

```
root@m4700:~# lshw -class volume | grep -A1 -B2 scsi
       description: Windows NTFS volume
       physical id: 1
       bus info: scsi@0:0.0.0,1
       logical name: /dev/sda1
--
       description: Windows NTFS volume
       physical id: 2
       bus info: scsi@0:0.0.0,2
       logical name: /dev/sda2
--
       description: Windows NTFS volume
       physical id: 3
       bus info: scsi@0:0.0.0,3
       logical name: /dev/sda3
--
       description: Linux swap volume
       physical id: 1
       bus info: scsi@2:0.0.0,1
       logical name: /dev/sdb1
--
       description: Extended partition
       physical id: 2
       bus info: scsi@2:0.0.0,2
       logical name: /dev/sdb2
```

## 4.lsblk 
- Lệnh lsblk là lệnh dùng để liệt kê các thiết bị block trên hệ thống như ổ cứng, phân vùng,..
```
root@m4700:~# lsblk -a
NAME   MAJ:MIN RM   SIZE RO TYPE MOUNTPOINT
sda      8:0    0 465,8G  0 disk 
├─sda1   8:1    0   579M  0 part 
├─sda2   8:2    0 208,4G  0 part 
└─sda3   8:3    0 256,8G  0 part 
sdb      8:16   0 223,6G  0 disk 
├─sdb1   8:17   0   9,5G  0 part [SWAP]
├─sdb2   8:18   0     1K  0 part 
└─sdb5   8:21   0   214G  0 part /
sr0     11:0    1  1024M  0 rom  
```


## 5.lsscsi
- Là lệnh dùng để liệt kê các thiết bị scsi
```
root@m4700:~# lsscsi
[0:0:0:0]    disk    ATA      WDC WD5000BEVT-6 1A02  /dev/sda 
[2:0:0:0]    disk    ATA      KingDian M280 24 6A    /dev/sdb 
[3:0:0:0]    cd/dvd  HL-DT-ST DVD+-RW GS30N    A102  /dev/sr0
```
- Sử dụng option -c để hiển thị classic output .

## 6. /proc/scsi/scsi
Một cách khác để xác định các thiết bị scsi là thông qua /proc/scsi/scsi, nội dung file cũng là output của lệnh `lsscsi -c`
```
root@m4700:~# cat /proc/scsi/scsi 
Attached devices:
Host: scsi0 Channel: 00 Id: 00 Lun: 00
  Vendor: ATA      Model: WDC WD5000BEVT-6 Rev: 1A02
  Type:   Direct-Access                    ANSI  SCSI revision: 05
Host: scsi2 Channel: 00 Id: 00 Lun: 00
  Vendor: ATA      Model: KingDian M280 24 Rev: 6A  
  Type:   Direct-Access                    ANSI  SCSI revision: 05
Host: scsi3 Channel: 00 Id: 00 Lun: 00
  Vendor: HL-DT-ST Model: DVD+-RW GS30N    Rev: A102
  Type:   CD-ROM                           ANSI  SCSI revision: 05
```
## 7.dd
Câu lệnh `dd` trong linux là một trong những câu lệnh thường xuyên được sử dụng. Câu lệnh dd dùng để sử dụng trong các trường hợp sau:

- Sao lưu và phục hồi toàn bộ dữ liệu ổ cứng hoặc một partition
- Chuyển đổi định dạng dữ liệu từ ASCII sang EBCDIC hoặc ngược lại
- Sao lưu lại MBR trong máy (MBR là một file dữ liệu rất quan trong nó chứa các lệnh để LILO hoặc GRUB nạp hệ điều hanh)
- Chuyển đổi chữ thường sang chữ hoa và ngược lại
- Tạo một file với kích cơ cô định
- Tạo một file ISO

# III. Disk partition 
## 1.Partition là gì? Primary, extended và logical partition




















# IV.Filesystem.
# V. Mount
# VI.LVM